-------msg


bash-3.2$ exit 1 2
exit
bash: exit: too many arguments
bash-3.2$ echo $?
1


minishell $> exit -1
exit
minishell $> echo $?
255

minishell $> a: No such file or directory
minishell $> exit fdsfds > a
exit: numeric argument required
anel-men@e3r8p12 M5 % ./minishell
minishell $> exit 56545 1556545
exit
minishell: too many arguments
minishell $> ./minishell
minishell $> exit 45 56456546 
exit
minishell: too many arguments
minishell $> exit 45 56456546 > a
minishell: too many arguments
minishell $> exit sfsdfs > a
exit: numeric argument required
minishell $> exit 44444444444 > a
minishell $> exit 44444444444 > a



minishell $> 
minishell $> 
minishell $> 
minishell $> 
minishell $> echo $?
127
minishell $> 



minishell $> ./minishell
minishell $> dsfdsfdsfds
minishell: dsfdsfdsfds: command not found
minishell $> 
exit
minishell $> echo $?
0



minishell $> ./minishell
minishell $> fddsfdsf
minishell: fddsfdsf: command not found
minishell $> exit
exit
minishell $> echo $?
0



minishell $> 
exit
minishell $> echo $?
0



***********************
declare -x f=" -la"
minishell $> ls$f
minishell: ls-la: command not found




tab
minishell $>    ls
command name : [        ls]
command args : [        ls]
args befor quotes remover : [   ls]
is there any pipe ? : 0

minishell:      ls: command not found



bash-3.2$ export b="    fgh   "
bash-3.2$ > $b => should be [fgh]
bash-3.2$ > "$b" => should [    fgh   ]


\minishell $> > ayoub > anas > $a
command name : (null)
redir list
0:<, 1:>, 2:>>, 3:<< 
type of redir : 1
file name befor the expanend : [ayoub]
file name : [ayoub]
fd for the file : 3
ambiguous 0
type of redir : 1
file name befor the expanend : [anas]
file name : [anas]
fd for the file : 4
ambiguous 0
type of redir : 1
file name befor the expanend : [$a]
file name : [b c]
fd for the file : 5
ambiguous 1
is there any pipe ? : 0

minishell $> > $a
command name : (null)
redir list
0:<, 1:>, 2:>>, 3:<< 
type of redir : 1
file name befor the expanend : [$a]
file name : [b c]
fd for the file : 3
ambiguous 1
is there any pipe ? : 0





this is ambuguous
minishell $> > ""$a
command name : (null)
redir list
0:<, 1:>, 2:>>, 3:<< 
type of redir : 1
file name befor the expanend : [""$a]
file name : [b c]
fd for the file : 3
ambiguous 0





declare -x l="o"
minishell $> export $l=$a m+=$a n"=$a"
command name : [export]
command args : [export]
command args : [o=b c]
command args : [m+=b c]
command args : [n=b c]
args befor quotes remover : [export]
args befor quotes remover : [$l=$a]
args befor quotes remover : [m+=$a]
args befor quotes remover : [n"=$a"]
is there any pipe ? : 0


bash-3.2$ << a cat 
> '$USER'
> a
'anel-men'

